{"action":27,"origin":"ac1","date":"2026-02-04T17:49:18","phones":[],"objects":[],"characters":[],"vehicles":[],"interiors":[],"accounts":[1],"content":"Connected from 151.177.208.110 - 5DDB4D0ED21D9219DDEBBE0676041DA2","factions":[]}
{"action":27,"origin":"ac1","date":"2026-02-04T17:50:19","phones":[],"objects":[],"characters":[],"vehicles":[],"interiors":[],"accounts":[1],"content":"Created","factions":[]}
{"action":27,"origin":"ac1","date":"2026-02-04T17:50:44","phones":[],"objects":[],"characters":[],"vehicles":[],"interiors":[],"accounts":[1],"content":"Disconnected (Quit) (Name: Owl.Player.2339)","factions":[]}
{"action":27,"origin":"ac1","date":"2026-02-04T17:54:11","phones":[],"objects":[],"characters":[],"vehicles":[],"interiors":[],"accounts":[1],"content":"Connected from 151.177.208.110 - 5DDB4D0ED21D9219DDEBBE0676041DA2","factions":[]}
{"action":27,"origin":"ac1","date":"2026-02-04T17:55:16","phones":[],"objects":[],"characters":[],"vehicles":[],"interiors":[],"accounts":[1],"content":"Created","factions":[]}
{"action":27,"origin":"ac1","date":"2026-02-04T17:55:40","phones":[],"objects":[],"characters":[],"vehicles":[],"interiors":[],"accounts":[1],"content":"Disconnected (Quit) (Name: Owl.Player.7306)","factions":[]}
{"action":27,"origin":"ac1","date":"2026-02-04T17:55:57","phones":[],"objects":[],"characters":[],"vehicles":[],"interiors":[],"accounts":[1],"content":"Connected from 151.177.208.110 - 5DDB4D0ED21D9219DDEBBE0676041DA2","factions":[]}
{"action":27,"origin":"ac1","date":"2026-02-04T17:56:42","phones":[],"objects":[],"characters":[1],"vehicles":[],"interiors":[],"accounts":[1],"content":"Created","factions":[]}
{"action":27,"origin":"ac1","date":"2026-02-04T17:56:43","phones":[],"objects":[],"characters":[1],"vehicles":[],"interiors":[],"accounts":[1],"content":"Spawned","factions":[]}
{"action":27,"origin":"ac1","date":"2026-02-04T17:57:54","phones":[],"objects":[],"characters":[1],"vehicles":[],"interiors":[],"accounts":[1],"content":"Disconnected (Quit) (Name: James_Reynold)","factions":[]}
{"action":27,"origin":"ac1","date":"2026-02-04T17:59:17","phones":[],"objects":[],"characters":[],"vehicles":[],"interiors":[],"accounts":[1],"content":"Connected from 151.177.208.110 - 5DDB4D0ED21D9219DDEBBE0676041DA2","factions":[]}
{"action":27,"origin":"ac1","date":"2026-02-04T17:59:24","phones":[],"objects":[],"characters":[1],"vehicles":[],"interiors":[],"accounts":[1],"content":"Spawned","factions":[]}
{"action":27,"origin":"ac1","date":"2026-02-04T18:22:05","phones":[],"objects":[],"characters":[1],"vehicles":[],"interiors":[],"accounts":[1],"content":"Disconnected (Quit) (Name: James_Reynold)","factions":[]}
{"action":27,"origin":"ac1","date":"2026-02-04T18:24:29","phones":[],"objects":[],"characters":[],"vehicles":[],"interiors":[],"accounts":[1],"content":"Connected from 151.177.208.110 - 5DDB4D0ED21D9219DDEBBE0676041DA2","factions":[]}
{"action":27,"origin":"ac1","date":"2026-02-04T18:24:38","phones":[],"objects":[],"characters":[1],"vehicles":[],"interiors":[],"accounts":[1],"content":"Spawned","factions":[]}
{"action":27,"origin":"ac1","date":"2026-02-04T18:25:16","phones":[],"objects":[],"characters":[1],"vehicles":[],"interiors":[],"accounts":[1],"content":"Disconnected (Quit) (Name: James_Reynold)","factions":[]}
{"action":27,"origin":"ac1","date":"2026-02-04T18:25:35","phones":[],"objects":[],"characters":[],"vehicles":[],"interiors":[],"accounts":[1],"content":"Connected from 151.177.208.110 - 5DDB4D0ED21D9219DDEBBE0676041DA2","factions":[]}
{"action":27,"origin":"ac1","date":"2026-02-04T18:25:50","phones":[],"objects":[],"characters":[1],"vehicles":[],"interiors":[],"accounts":[1],"content":"Spawned","factions":[]}
{"action":27,"origin":"ac2","date":"2026-02-04T18:34:53","phones":[],"objects":[],"characters":[],"vehicles":[],"interiors":[],"accounts":[2],"content":"Connected from 82.205.75.117 - C086C1EDCDD567405AF5CEAD17B498A1","factions":[]}
{"action":27,"origin":"ac2","date":"2026-02-04T18:35:37","phones":[],"objects":[],"characters":[0],"vehicles":[],"interiors":[],"accounts":[2],"content":"Disconnected (Quit) (Name: Owl.Player.2969)","factions":[]}
{"action":27,"origin":"ac3","date":"2026-02-04T18:48:17","phones":[],"objects":[],"characters":[],"vehicles":[],"interiors":[],"accounts":[3],"content":"Connected from 82.205.75.117 - C086C1EDCDD567405AF5CEAD17B498A1","factions":[]}
{"action":27,"origin":"ac3","date":"2026-02-04T18:50:45","phones":[],"objects":[],"characters":[2],"vehicles":[],"interiors":[],"accounts":[3],"content":"Created","factions":[]}
{"action":27,"origin":"ac3","date":"2026-02-04T18:50:45","phones":[],"objects":[],"characters":[2],"vehicles":[],"interiors":[],"accounts":[3],"content":"Spawned","factions":[]}
{"action":39,"origin":"ch2","date":"2026-02-04T18:50:55","phones":[],"objects":[],"characters":[2],"vehicles":[],"interiors":[],"accounts":[],"content":"Qays_Almaloh -> ~World #1 - Briefcase - 1 @ (1163.8837, -1412.478, 12.53311) in (int 0, dim 0)","factions":[]}
{"action":40,"origin":"ch2","date":"2026-02-04T18:50:55","phones":[],"objects":[],"characters":[2],"vehicles":[],"interiors":[],"accounts":[],"content":"Qays Almaloh dropped a Briefcase.","factions":[]}
{"action":39,"origin":"ch2","date":"2026-02-04T18:50:56","phones":[],"objects":[1],"characters":[],"vehicles":[],"interiors":[],"accounts":[],"content":"~World #1 @ (1163.8836669922, -1412.4780273438, 12.633110046387) in (int 0, dim 0) ->Qays_Almaloh - Briefcase - 1","factions":[]}
{"action":40,"origin":"ch2","date":"2026-02-04T18:50:56","phones":[],"objects":[],"characters":[2],"vehicles":[],"interiors":[],"accounts":[],"content":"Qays Almaloh bends over and picks up a Briefcase.","factions":[]}
{"action":27,"origin":"ac1","date":"2026-02-04T18:51:08","phones":[],"objects":[],"characters":[1],"vehicles":[],"interiors":[],"accounts":[1],"content":"Disconnected (Quit) (Name: James_Reynold)","factions":[]}
{"action":27,"origin":"ac3","date":"2026-02-04T18:51:09","phones":[],"objects":[],"characters":[2],"vehicles":[],"interiors":[],"accounts":[3],"content":"Disconnected (Quit) (Name: Qays_Almaloh)","factions":[]}
{"action":27,"origin":"ac1","date":"2026-02-04T18:51:57","phones":[],"objects":[],"characters":[],"vehicles":[],"interiors":[],"accounts":[1],"content":"Connected from 151.177.208.110 - 5DDB4D0ED21D9219DDEBBE0676041DA2","factions":[]}
{"action":27,"origin":"ac1","date":"2026-02-04T18:52:20","phones":[],"objects":[],"characters":[1],"vehicles":[],"interiors":[],"accounts":[1],"content":"Spawned","factions":[]}
{"action":27,"origin":"ac3","date":"2026-02-04T18:54:31","phones":[],"objects":[],"characters":[],"vehicles":[],"interiors":[],"accounts":[3],"content":"Connected from 82.205.75.117 - C086C1EDCDD567405AF5CEAD17B498A1","factions":[]}
{"action":27,"origin":"ac3","date":"2026-02-04T18:54:40","phones":[],"objects":[],"characters":[2],"vehicles":[],"interiors":[],"accounts":[3],"content":"Spawned","factions":[]}
{"action":34,"origin":"ch2","date":"2026-02-04T18:55:22","phones":[],"objects":[],"characters":[2],"vehicles":[],"interiors":[],"accounts":[],"content":" died","factions":[]}
{"action":4,"origin":"ch2","date":"2026-02-04T18:55:30","phones":[],"objects":[],"characters":[2],"vehicles":[],"interiors":[],"accounts":[],"content":"REVIVED from PK","factions":[]}
{"action":4,"origin":"ch1","date":"2026-02-04T18:55:37","phones":[],"objects":[],"characters":[2],"vehicles":[],"interiors":[],"accounts":[],"content":"GIVESUPERMAN","factions":[]}
{"action":4,"origin":"ch2","date":"2026-02-04T18:55:51","phones":[],"objects":[],"characters":[2],"vehicles":[],"interiors":[],"accounts":[],"content":"FREECAM","factions":[]}
{"action":34,"origin":"ch1","date":"2026-02-04T18:56:34","phones":[],"objects":[],"characters":[1],"vehicles":[],"interiors":[],"accounts":[],"content":" died","factions":[]}
{"action":4,"origin":"ch1","date":"2026-02-04T18:56:50","phones":[],"objects":[],"characters":[1],"vehicles":[],"interiors":[],"accounts":[],"content":"REVIVED from PK","factions":[]}
{"action":4,"origin":"ch1","date":"2026-02-04T18:56:57","phones":[],"objects":[],"characters":[2],"vehicles":[],"interiors":[],"accounts":[],"content":"FREEZE","factions":[]}
{"action":27,"origin":"ac3","date":"2026-02-04T18:57:07","phones":[],"objects":[],"characters":[2],"vehicles":[],"interiors":[],"accounts":[3],"content":"Disconnected (Quit) (Name: Qays_Almaloh)","factions":[]}
{"action":27,"origin":"ac3","date":"2026-02-04T18:57:35","phones":[],"objects":[],"characters":[],"vehicles":[],"interiors":[],"accounts":[3],"content":"Connected from 82.205.75.117 - C086C1EDCDD567405AF5CEAD17B498A1","factions":[]}
{"action":27,"origin":"ac3","date":"2026-02-04T18:57:43","phones":[],"objects":[],"characters":[2],"vehicles":[],"interiors":[],"accounts":[3],"content":"Spawned","factions":[]}
{"action":4,"origin":"ch2","date":"2026-02-04T18:58:18","phones":[],"objects":[],"characters":[2],"vehicles":[],"interiors":[],"accounts":[],"content":"GIVESUPERMAN","factions":[]}
{"action":40,"origin":"ch2","date":"2026-02-04T19:04:11","phones":[],"objects":[],"characters":[1,2],"vehicles":[],"interiors":[],"accounts":[],"content":"Qays Almaloh takes out his Cellphone.","factions":[]}
{"action":4,"origin":"ch1","date":"2026-02-04T19:04:14","phones":[],"objects":[],"characters":[2],"vehicles":[],"interiors":[],"accounts":[],"content":"SETSKIN 1 CLOTHING ","factions":[]}
{"action":4,"origin":"ch1","date":"2026-02-04T19:04:15","phones":[],"objects":[],"characters":[2],"vehicles":[],"interiors":[],"accounts":[],"content":"SETSKIN 2 CLOTHING ","factions":[]}
{"action":40,"origin":"ch2","date":"2026-02-04T19:04:17","phones":[],"objects":[],"characters":[1,2],"vehicles":[],"interiors":[],"accounts":[],"content":"Qays Almaloh puts down his Cellphone.","factions":[]}
{"action":4,"origin":"ch1","date":"2026-02-04T19:04:17","phones":[],"objects":[],"characters":[2],"vehicles":[],"interiors":[],"accounts":[],"content":"SETSKIN 50 CLOTHING ","factions":[]}
{"action":4,"origin":"ch1","date":"2026-02-04T19:04:18","phones":[],"objects":[],"characters":[2],"vehicles":[],"interiors":[],"accounts":[],"content":"SETSKIN 40 CLOTHING ","factions":[]}
{"action":4,"origin":"ch1","date":"2026-02-04T19:04:22","phones":[],"objects":[],"characters":[2],"vehicles":[],"interiors":[],"accounts":[],"content":"SETSKIN 39 CLOTHING ","factions":[]}
{"action":4,"origin":"ch1","date":"2026-02-04T19:04:23","phones":[],"objects":[],"characters":[2],"vehicles":[],"interiors":[],"accounts":[],"content":"SETSKIN 38 CLOTHING ","factions":[]}
{"action":4,"origin":"ch1","date":"2026-02-04T19:04:24","phones":[],"objects":[],"characters":[2],"vehicles":[],"interiors":[],"accounts":[],"content":"SETSKIN 37 CLOTHING ","factions":[]}
{"action":4,"origin":"ch1","date":"2026-02-04T19:05:40","phones":[],"objects":[],"characters":[2],"vehicles":[],"interiors":[],"accounts":[],"content":"SETSKIN 55 CLOTHING ","factions":[]}
{"action":4,"origin":"ch1","date":"2026-02-04T19:05:42","phones":[],"objects":[],"characters":[2],"vehicles":[],"interiors":[],"accounts":[],"content":"SETSKIN 57 CLOTHING ","factions":[]}
{"action":4,"origin":"ch1","date":"2026-02-04T19:05:43","phones":[],"objects":[],"characters":[2],"vehicles":[],"interiors":[],"accounts":[],"content":"SETSKIN 58 CLOTHING ","factions":[]}
{"action":4,"origin":"ch1","date":"2026-02-04T19:05:45","phones":[],"objects":[],"characters":[2],"vehicles":[],"interiors":[],"accounts":[],"content":"SETSKIN 50 CLOTHING ","factions":[]}
{"action":4,"origin":"ch1","date":"2026-02-04T19:05:48","phones":[],"objects":[],"characters":[2],"vehicles":[],"interiors":[],"accounts":[],"content":"SETSKIN 70 CLOTHING ","factions":[]}
{"action":4,"origin":"ch1","date":"2026-02-04T19:05:51","phones":[],"objects":[],"characters":[2],"vehicles":[],"interiors":[],"accounts":[],"content":"SETSKIN 72 CLOTHING ","factions":[]}
{"action":4,"origin":"ch1","date":"2026-02-04T19:05:52","phones":[],"objects":[],"characters":[2],"vehicles":[],"interiors":[],"accounts":[],"content":"SETSKIN 71 CLOTHING ","factions":[]}
{"action":4,"origin":"ch1","date":"2026-02-04T19:05:53","phones":[],"objects":[],"characters":[2],"vehicles":[],"interiors":[],"accounts":[],"content":"SETSKIN 75 CLOTHING ","factions":[]}
{"action":4,"origin":"ch1","date":"2026-02-04T19:06:04","phones":[],"objects":[],"characters":[2],"vehicles":[],"interiors":[],"accounts":[],"content":"FREEZE","factions":[]}
{"action":4,"origin":"ch1","date":"2026-02-04T19:06:14","phones":[],"objects":[],"characters":[1],"vehicles":[],"interiors":[],"accounts":[],"content":"UNFREEZE","factions":[]}
{"action":4,"origin":"ch1","date":"2026-02-04T19:06:16","phones":[],"objects":[],"characters":[2],"vehicles":[],"interiors":[],"accounts":[],"content":"UNFREEZE","factions":[]}
{"action":4,"origin":"ch1","date":"2026-02-04T19:06:30","phones":[],"objects":[],"characters":[2],"vehicles":[],"interiors":[],"accounts":[],"content":"SETSKIN 76 CLOTHING ","factions":[]}
{"action":4,"origin":"ch1","date":"2026-02-04T19:06:33","phones":[],"objects":[],"characters":[2],"vehicles":[],"interiors":[],"accounts":[],"content":"SETSKIN 78 CLOTHING ","factions":[]}
{"action":4,"origin":"ch1","date":"2026-02-04T19:06:35","phones":[],"objects":[],"characters":[2],"vehicles":[],"interiors":[],"accounts":[],"content":"SETSKIN 79 CLOTHING ","factions":[]}
{"action":4,"origin":"ch1","date":"2026-02-04T19:06:37","phones":[],"objects":[],"characters":[2],"vehicles":[],"interiors":[],"accounts":[],"content":"SETSKIN 80 CLOTHING ","factions":[]}
{"action":4,"origin":"ch1","date":"2026-02-04T19:06:38","phones":[],"objects":[],"characters":[2],"vehicles":[],"interiors":[],"accounts":[],"content":"SETSKIN 82 CLOTHING ","factions":[]}
{"action":4,"origin":"ch1","date":"2026-02-04T19:06:39","phones":[],"objects":[],"characters":[2],"vehicles":[],"interiors":[],"accounts":[],"content":"SETSKIN 83 CLOTHING ","factions":[]}
{"action":4,"origin":"ch1","date":"2026-02-04T19:06:39","phones":[],"objects":[],"characters":[2],"vehicles":[],"interiors":[],"accounts":[],"content":"SETSKIN 84 CLOTHING ","factions":[]}
{"action":4,"origin":"ch1","date":"2026-02-04T19:06:40","phones":[],"objects":[],"characters":[2],"vehicles":[],"interiors":[],"accounts":[],"content":"SETSKIN 86 CLOTHING ","factions":[]}
{"action":4,"origin":"ch1","date":"2026-02-04T19:06:42","phones":[],"objects":[],"characters":[2],"vehicles":[],"interiors":[],"accounts":[],"content":"SETSKIN 87 CLOTHING ","factions":[]}
{"action":4,"origin":"ch1","date":"2026-02-04T19:06:45","phones":[],"objects":[],"characters":[2],"vehicles":[],"interiors":[],"accounts":[],"content":"SETSKIN 89 CLOTHING ","factions":[]}
{"action":4,"origin":"ch1","date":"2026-02-04T19:06:56","phones":[],"objects":[],"characters":[2],"vehicles":[],"interiors":[],"accounts":[],"content":"SETSKIN 84 CLOTHING ","factions":[]}
{"action":4,"origin":"ch1","date":"2026-02-04T19:06:57","phones":[],"objects":[],"characters":[2],"vehicles":[],"interiors":[],"accounts":[],"content":"SETSKIN 88 CLOTHING ","factions":[]}
{"action":4,"origin":"ch1","date":"2026-02-04T19:07:03","phones":[],"objects":[],"characters":[2],"vehicles":[],"interiors":[],"accounts":[],"content":"SETSKIN 87 CLOTHING ","factions":[]}
{"action":4,"origin":"ch1","date":"2026-02-04T19:07:06","phones":[],"objects":[],"characters":[2],"vehicles":[],"interiors":[],"accounts":[],"content":"SETSKIN 88 CLOTHING ","factions":[]}
{"action":8,"origin":"ch1","date":"2026-02-04T19:07:15","phones":[],"objects":[],"characters":[1,2],"vehicles":[],"interiors":[],"accounts":[],"content":"freeze","factions":[]}
{"action":6,"origin":"ch2","date":"2026-02-04T19:10:31","phones":[],"objects":[],"characters":[2],"vehicles":[],"interiors":[],"accounts":[],"content":" Created new vehicle #1 in library.","factions":[]}
{"action":6,"origin":"ch2","date":"2026-02-04T19:11:12","phones":[],"objects":[],"characters":[],"vehicles":[1],"interiors":[],"accounts":[],"content":"SPAWNVEH 'Turismo' $1 James_Reynold","factions":[]}
{"action":40,"origin":"ch2","date":"2026-02-04T19:11:23","phones":[],"objects":[],"characters":[1,2],"vehicles":[],"interiors":[],"accounts":[],"content":"Qays Almaloh presses on the key to unlock the vehicle. ((Turismo))","factions":[]}
{"action":31,"origin":"ch2","date":"2026-02-04T19:11:23","phones":[],"objects":[],"characters":[],"vehicles":[1],"interiors":[],"accounts":[],"content":"UNLOCK FROM OUTSIDE","factions":[]}
{"action":40,"origin":"ch2","date":"2026-02-04T19:11:24","phones":[],"objects":[],"characters":[1,2],"vehicles":[],"interiors":[],"accounts":[],"content":"Qays Almaloh presses on the key to lock the vehicle. ((Turismo))","factions":[]}
{"action":31,"origin":"ch2","date":"2026-02-04T19:11:24","phones":[],"objects":[],"characters":[],"vehicles":[1],"interiors":[],"accounts":[],"content":"LOCK FROM OUTSIDE","factions":[]}
{"action":40,"origin":"ch2","date":"2026-02-04T19:11:24","phones":[],"objects":[],"characters":[1,2],"vehicles":[],"interiors":[],"accounts":[],"content":"Qays Almaloh presses on the key to unlock the vehicle. ((Turismo))","factions":[]}
{"action":31,"origin":"ch2","date":"2026-02-04T19:11:24","phones":[],"objects":[],"characters":[],"vehicles":[1],"interiors":[],"accounts":[],"content":"UNLOCK FROM OUTSIDE","factions":[]}
{"action":40,"origin":"ch2","date":"2026-02-04T19:11:24","phones":[],"objects":[],"characters":[1,2],"vehicles":[],"interiors":[],"accounts":[],"content":"Qays Almaloh presses on the key to lock the vehicle. ((Turismo))","factions":[]}
{"action":31,"origin":"ch2","date":"2026-02-04T19:11:24","phones":[],"objects":[],"characters":[],"vehicles":[1],"interiors":[],"accounts":[],"content":"LOCK FROM OUTSIDE","factions":[]}
{"action":40,"origin":"ch2","date":"2026-02-04T19:11:24","phones":[],"objects":[],"characters":[1,2],"vehicles":[],"interiors":[],"accounts":[],"content":"Qays Almaloh presses on the key to unlock the vehicle. ((Turismo))","factions":[]}
{"action":31,"origin":"ch2","date":"2026-02-04T19:11:24","phones":[],"objects":[],"characters":[],"vehicles":[1],"interiors":[],"accounts":[],"content":"UNLOCK FROM OUTSIDE","factions":[]}
{"action":40,"origin":"ch2","date":"2026-02-04T19:11:24","phones":[],"objects":[],"characters":[1,2],"vehicles":[],"interiors":[],"accounts":[],"content":"Qays Almaloh presses on the key to lock the vehicle. ((Turismo))","factions":[]}
{"action":31,"origin":"ch2","date":"2026-02-04T19:11:24","phones":[],"objects":[],"characters":[],"vehicles":[1],"interiors":[],"accounts":[],"content":"LOCK FROM OUTSIDE","factions":[]}
{"action":40,"origin":"ch2","date":"2026-02-04T19:11:25","phones":[],"objects":[],"characters":[1,2],"vehicles":[],"interiors":[],"accounts":[],"content":"Qays Almaloh presses on the key to unlock the vehicle. ((Turismo))","factions":[]}
{"action":31,"origin":"ch2","date":"2026-02-04T19:11:25","phones":[],"objects":[],"characters":[],"vehicles":[1],"interiors":[],"accounts":[],"content":"UNLOCK FROM OUTSIDE","factions":[]}
{"action":40,"origin":"ch2","date":"2026-02-04T19:11:25","phones":[],"objects":[],"characters":[1,2],"vehicles":[],"interiors":[],"accounts":[],"content":"Qays Almaloh presses on the key to lock the vehicle. ((Turismo))","factions":[]}
{"action":31,"origin":"ch2","date":"2026-02-04T19:11:25","phones":[],"objects":[],"characters":[],"vehicles":[1],"interiors":[],"accounts":[],"content":"LOCK FROM OUTSIDE","factions":[]}
{"action":40,"origin":"ch2","date":"2026-02-04T19:11:30","phones":[],"objects":[],"characters":[1,2],"vehicles":[],"interiors":[],"accounts":[],"content":"Qays Almaloh presses on the key to unlock the vehicle. ((Turismo))","factions":[]}
{"action":31,"origin":"ch2","date":"2026-02-04T19:11:30","phones":[],"objects":[],"characters":[],"vehicles":[1],"interiors":[],"accounts":[],"content":"UNLOCK FROM OUTSIDE","factions":[]}
{"action":40,"origin":"ch1","date":"2026-02-04T19:11:42","phones":[],"objects":[],"characters":[1,2],"vehicles":[],"interiors":[],"accounts":[],"content":"James Reynold buckles in their seatbelt.","factions":[]}
{"action":40,"origin":"ch2","date":"2026-02-04T19:11:42","phones":[],"objects":[],"characters":[1,2],"vehicles":[],"interiors":[],"accounts":[],"content":"Qays Almaloh starts the vehicle's engine.","factions":[]}
{"action":40,"origin":"ch2","date":"2026-02-04T19:11:49","phones":[],"objects":[],"characters":[1,2],"vehicles":[],"interiors":[],"accounts":[],"content":"Qays Almaloh locks the vehicle doors.","factions":[]}
{"action":31,"origin":"ch2","date":"2026-02-04T19:11:49","phones":[],"objects":[],"characters":[],"vehicles":[1],"interiors":[],"accounts":[],"content":"LOCK FROM INSIDE","factions":[]}
{"action":40,"origin":"ch2","date":"2026-02-04T19:11:49","phones":[],"objects":[],"characters":[1,2],"vehicles":[],"interiors":[],"accounts":[],"content":"Qays Almaloh buckles in their seatbelt.","factions":[]}
{"action":40,"origin":"ch2","date":"2026-02-04T19:11:49","phones":[],"objects":[],"characters":[1,2],"vehicles":[],"interiors":[],"accounts":[],"content":"Qays Almaloh rolls their windows down.","factions":[]}
{"action":6,"origin":"ch2","date":"2026-02-04T19:12:44","phones":[],"objects":[],"characters":[2],"vehicles":[1],"interiors":[],"accounts":[],"content":"FIXVEH","factions":[]}
{"action":4,"origin":"ch2","date":"2026-02-04T19:12:57","phones":[],"objects":[],"characters":[2],"vehicles":[1],"interiors":[],"accounts":[],"content":"N\/A","factions":[]}
{"action":4,"origin":"ch2","date":"2026-02-04T19:13:00","phones":[],"objects":[],"characters":[2],"vehicles":[1],"interiors":[],"accounts":[],"content":"N\/A","factions":[]}
{"action":6,"origin":"ch2","date":"2026-02-04T19:13:02","phones":[],"objects":[],"characters":[2],"vehicles":[1],"interiors":[],"accounts":[],"content":"FIXVEH","factions":[]}
{"action":6,"origin":"ch2","date":"2026-02-04T19:13:40","phones":[],"objects":[],"characters":[2],"vehicles":[1],"interiors":[],"accounts":[],"content":"FIXVEH","factions":[]}
{"action":4,"origin":"ch2","date":"2026-02-04T19:14:06","phones":[],"objects":[],"characters":[2],"vehicles":[],"interiors":[],"accounts":[],"content":"GIVEITEM Vehicle Key (Turismo) 1","factions":[]}
{"action":40,"origin":"ch2","date":"2026-02-04T19:14:11","phones":[],"objects":[],"characters":[1,2],"vehicles":[],"interiors":[],"accounts":[],"content":"Qays Almaloh unlocks the vehicle doors.","factions":[]}
{"action":31,"origin":"ch2","date":"2026-02-04T19:14:11","phones":[],"objects":[],"characters":[],"vehicles":[1],"interiors":[],"accounts":[],"content":"UNLOCK FROM INSIDE","factions":[]}
{"action":40,"origin":"ch2","date":"2026-02-04T19:14:12","phones":[],"objects":[],"characters":[1,2],"vehicles":[],"interiors":[],"accounts":[],"content":"Qays Almaloh locks the vehicle doors.","factions":[]}
{"action":31,"origin":"ch2","date":"2026-02-04T19:14:12","phones":[],"objects":[],"characters":[],"vehicles":[1],"interiors":[],"accounts":[],"content":"LOCK FROM INSIDE","factions":[]}
{"action":26,"origin":"ch1","date":"2026-02-04T19:14:23","phones":[],"objects":[],"characters":[1],"vehicles":[],"interiors":[],"accounts":[],"content":"Purchase logs: FREE GAMECOINS AWARD! (HEAD ADMIN MALAZ) - Cost: 50 GCs","factions":[]}
{"action":4,"origin":"ch1","date":"2026-02-04T19:14:23","phones":[],"objects":[],"characters":[1],"vehicles":[],"interiors":[],"accounts":[],"content":"givegc GCs: 50 Reason: 0","factions":[]}
{"action":4,"origin":"ch2","date":"2026-02-04T19:16:31","phones":[],"objects":[],"characters":[1],"vehicles":[],"interiors":[],"accounts":[],"content":"ONLINE CHECK","factions":[]}
{"action":8,"origin":"ch1","date":"2026-02-04T19:16:42","phones":[],"objects":[],"characters":[1,2],"vehicles":[],"interiors":[],"accounts":[],"content":"يا ادمن","factions":[]}
{"action":8,"origin":"ch1","date":"2026-02-04T19:16:49","phones":[],"objects":[],"characters":[1,2],"vehicles":[],"interiors":[],"accounts":[],"content":"سحبلي سيارتي","factions":[]}
{"action":8,"origin":"ch2","date":"2026-02-04T19:16:55","phones":[],"objects":[],"characters":[1,2],"vehicles":[],"interiors":[],"accounts":[],"content":"الايدي","factions":[]}
{"action":8,"origin":"ch1","date":"2026-02-04T19:16:58","phones":[],"objects":[],"characters":[1,2],"vehicles":[],"interiors":[],"accounts":[],"content":"1616","factions":[]}
{"action":8,"origin":"ch2","date":"2026-02-04T19:17:02","phones":[],"objects":[],"characters":[1,2],"vehicles":[],"interiors":[],"accounts":[],"content":"محذوقفه","factions":[]}
{"action":8,"origin":"ch2","date":"2026-02-04T19:17:04","phones":[],"objects":[],"characters":[1,2],"vehicles":[],"interiors":[],"accounts":[],"content":"من الحادم","factions":[]}
{"action":8,"origin":"ch2","date":"2026-02-04T19:17:05","phones":[],"objects":[],"characters":[1,2],"vehicles":[],"interiors":[],"accounts":[],"content":"سلام","factions":[]}
{"action":8,"origin":"ch1","date":"2026-02-04T19:17:05","phones":[],"objects":[],"characters":[1,2],"vehicles":[],"interiors":[],"accounts":[],"content":"شلون محذوفة","factions":[]}
{"action":8,"origin":"ch1","date":"2026-02-04T19:17:07","phones":[],"objects":[],"characters":[1,2],"vehicles":[],"interiors":[],"accounts":[],"content":"الصبح كانت نعج","factions":[]}
{"action":8,"origin":"ch1","date":"2026-02-04T19:17:09","phones":[],"objects":[],"characters":[1,2],"vehicles":[],"interiors":[],"accounts":[],"content":"عندي","factions":[]}
{"action":8,"origin":"ch2","date":"2026-02-04T19:17:11","phones":[],"objects":[],"characters":[1,2],"vehicles":[],"interiors":[],"accounts":[],"content":"rdlkd","factions":[]}
{"action":8,"origin":"ch2","date":"2026-02-04T19:17:13","phones":[],"objects":[],"characters":[1,2],"vehicles":[],"interiors":[],"accounts":[],"content":"قيمني","factions":[]}
{"action":8,"origin":"ch2","date":"2026-02-04T19:17:20","phones":[],"objects":[],"characters":[1,2],"vehicles":[],"interiors":[],"accounts":[],"content":"شبيك لبيك","factions":[]}
{"action":8,"origin":"ch2","date":"2026-02-04T19:17:22","phones":[],"objects":[],"characters":[1,2],"vehicles":[],"interiors":[],"accounts":[],"content":"انا عبد بين ايديك","factions":[]}
{"action":4,"origin":"ch1","date":"2026-02-04T19:17:25","phones":[],"objects":[],"characters":[1],"vehicles":[1],"interiors":[],"accounts":[],"content":"SETVEHTINT 0","factions":[]}
{"action":6,"origin":"ch1","date":"2026-02-04T19:17:28","phones":[],"objects":[],"characters":[],"vehicles":[1],"interiors":[],"accounts":[],"content":"RESPAWN","factions":[]}
{"action":40,"origin":"ch2","date":"2026-02-04T19:17:32","phones":[],"objects":[],"characters":[1,2],"vehicles":[],"interiors":[],"accounts":[],"content":"Qays Almaloh starts the vehicle's engine.","factions":[]}
{"action":40,"origin":"ch1","date":"2026-02-04T19:17:35","phones":[],"objects":[],"characters":[1,2],"vehicles":[],"interiors":[],"accounts":[],"content":"James Reynold unlocks the vehicle doors.","factions":[]}
{"action":31,"origin":"ch1","date":"2026-02-04T19:17:35","phones":[],"objects":[],"characters":[],"vehicles":[1],"interiors":[],"accounts":[],"content":"UNLOCK FROM INSIDE","factions":[]}
{"action":40,"origin":"ch1","date":"2026-02-04T19:17:36","phones":[],"objects":[],"characters":[1,2],"vehicles":[],"interiors":[],"accounts":[],"content":"James Reynold locks the vehicle doors.","factions":[]}
{"action":31,"origin":"ch1","date":"2026-02-04T19:17:36","phones":[],"objects":[],"characters":[],"vehicles":[1],"interiors":[],"accounts":[],"content":"LOCK FROM INSIDE","factions":[]}
{"action":40,"origin":"ch1","date":"2026-02-04T19:17:48","phones":[],"objects":[],"characters":[1,2],"vehicles":[],"interiors":[],"accounts":[],"content":"James Reynold presses on the key to unlock the vehicle. ((Turismo))","factions":[]}
{"action":31,"origin":"ch1","date":"2026-02-04T19:17:48","phones":[],"objects":[],"characters":[],"vehicles":[1],"interiors":[],"accounts":[],"content":"UNLOCK FROM OUTSIDE","factions":[]}
{"action":40,"origin":"ch1","date":"2026-02-04T19:17:49","phones":[],"objects":[],"characters":[1,2],"vehicles":[],"interiors":[],"accounts":[],"content":"James Reynold starts the vehicle's engine.","factions":[]}
{"action":40,"origin":"ch1","date":"2026-02-04T19:17:50","phones":[],"objects":[],"characters":[1,2],"vehicles":[],"interiors":[],"accounts":[],"content":"James Reynold unbuckles their seatbelt.","factions":[]}
{"action":40,"origin":"ch1","date":"2026-02-04T19:18:07","phones":[],"objects":[],"characters":[1,2],"vehicles":[],"interiors":[],"accounts":[],"content":"James Reynold starts the vehicle's engine.","factions":[]}
{"action":40,"origin":"ch1","date":"2026-02-04T19:18:07","phones":[],"objects":[],"characters":[1,2],"vehicles":[],"interiors":[],"accounts":[],"content":"James Reynold buckles in their seatbelt.","factions":[]}
{"action":40,"origin":"ch1","date":"2026-02-04T19:18:07","phones":[],"objects":[],"characters":[1,2],"vehicles":[],"interiors":[],"accounts":[],"content":"James Reynold locks the vehicle doors.","factions":[]}
{"action":31,"origin":"ch1","date":"2026-02-04T19:18:07","phones":[],"objects":[],"characters":[],"vehicles":[1],"interiors":[],"accounts":[],"content":"LOCK FROM INSIDE","factions":[]}
{"action":4,"origin":"ch1","date":"2026-02-04T19:18:09","phones":[],"objects":[],"characters":[1],"vehicles":[],"interiors":[],"accounts":[],"content":"AHEAL 100","factions":[]}
{"action":4,"origin":"ch2","date":"2026-02-04T19:18:13","phones":[],"objects":[],"characters":[2],"vehicles":[],"interiors":[],"accounts":[],"content":"AHEAL 100","factions":[]}
{"action":6,"origin":"ch2","date":"2026-02-04T19:18:37","phones":[],"objects":[],"characters":[2],"vehicles":[1],"interiors":[],"accounts":[],"content":"FIXVEH","factions":[]}
{"action":6,"origin":"ch2","date":"2026-02-04T19:18:52","phones":[],"objects":[],"characters":[2],"vehicles":[1],"interiors":[],"accounts":[],"content":"FIXVEH","factions":[]}
{"action":6,"origin":"ch1","date":"2026-02-04T19:19:11","phones":[],"objects":[],"characters":[1],"vehicles":[1],"interiors":[],"accounts":[],"content":"FIXVEH","factions":[]}
{"action":4,"origin":"ch1","date":"2026-02-04T19:19:11","phones":[],"objects":[],"characters":[1],"vehicles":[1],"interiors":[],"accounts":[],"content":"N\/A","factions":[]}
{"action":6,"origin":"ch1","date":"2026-02-04T19:19:11","phones":[],"objects":[],"characters":[1],"vehicles":[1],"interiors":[],"accounts":[],"content":"FUELVEH","factions":[]}
{"action":6,"origin":"ch1","date":"2026-02-04T19:19:14","phones":[],"objects":[],"characters":[1],"vehicles":[1],"interiors":[],"accounts":[],"content":"FIXVEH","factions":[]}
{"action":4,"origin":"ch1","date":"2026-02-04T19:19:14","phones":[],"objects":[],"characters":[1],"vehicles":[1],"interiors":[],"accounts":[],"content":"N\/A","factions":[]}
{"action":6,"origin":"ch1","date":"2026-02-04T19:19:14","phones":[],"objects":[],"characters":[1],"vehicles":[1],"interiors":[],"accounts":[],"content":"FUELVEH","factions":[]}
{"action":6,"origin":"ch1","date":"2026-02-04T19:19:18","phones":[],"objects":[],"characters":[1],"vehicles":[1],"interiors":[],"accounts":[],"content":"FIXVEH","factions":[]}
{"action":4,"origin":"ch1","date":"2026-02-04T19:19:18","phones":[],"objects":[],"characters":[1],"vehicles":[1],"interiors":[],"accounts":[],"content":"N\/A","factions":[]}
{"action":6,"origin":"ch1","date":"2026-02-04T19:19:18","phones":[],"objects":[],"characters":[1],"vehicles":[1],"interiors":[],"accounts":[],"content":"FUELVEH","factions":[]}
{"action":6,"origin":"ch1","date":"2026-02-04T19:19:19","phones":[],"objects":[],"characters":[1],"vehicles":[1],"interiors":[],"accounts":[],"content":"FIXVEH","factions":[]}
{"action":4,"origin":"ch1","date":"2026-02-04T19:19:19","phones":[],"objects":[],"characters":[1],"vehicles":[1],"interiors":[],"accounts":[],"content":"N\/A","factions":[]}
{"action":6,"origin":"ch1","date":"2026-02-04T19:19:19","phones":[],"objects":[],"characters":[1],"vehicles":[1],"interiors":[],"accounts":[],"content":"FUELVEH","factions":[]}
{"action":6,"origin":"ch1","date":"2026-02-04T19:19:20","phones":[],"objects":[],"characters":[1],"vehicles":[1],"interiors":[],"accounts":[],"content":"FIXVEH","factions":[]}
{"action":4,"origin":"ch1","date":"2026-02-04T19:19:20","phones":[],"objects":[],"characters":[1],"vehicles":[1],"interiors":[],"accounts":[],"content":"N\/A","factions":[]}
{"action":6,"origin":"ch1","date":"2026-02-04T19:19:20","phones":[],"objects":[],"characters":[1],"vehicles":[1],"interiors":[],"accounts":[],"content":"FUELVEH","factions":[]}
{"action":40,"origin":"ch1","date":"2026-02-04T19:19:22","phones":[],"objects":[],"characters":[1,2],"vehicles":[],"interiors":[],"accounts":[],"content":"James Reynold unlocks the vehicle doors.","factions":[]}
{"action":31,"origin":"ch1","date":"2026-02-04T19:19:22","phones":[],"objects":[],"characters":[],"vehicles":[1],"interiors":[],"accounts":[],"content":"UNLOCK FROM INSIDE","factions":[]}
{"action":40,"origin":"ch1","date":"2026-02-04T19:19:25","phones":[],"objects":[],"characters":[1,2],"vehicles":[],"interiors":[],"accounts":[],"content":"James Reynold unbuckles their seatbelt.","factions":[]}
{"action":4,"origin":"ch1","date":"2026-02-04T19:19:26","phones":[],"objects":[],"characters":[1],"vehicles":[],"interiors":[],"accounts":[],"content":"FREECAM","factions":[]}
{"action":40,"origin":"ch2","date":"2026-02-04T19:19:28","phones":[],"objects":[],"characters":[2],"vehicles":[],"interiors":[],"accounts":[],"content":"Qays Almaloh unbuckles their seatbelt.","factions":[]}
{"action":4,"origin":"ch2","date":"2026-02-04T19:19:42","phones":[],"objects":[],"characters":[2],"vehicles":[1],"interiors":[],"accounts":[],"content":"N\/A","factions":[]}
{"action":4,"origin":"ch2","date":"2026-02-04T19:19:44","phones":[],"objects":[],"characters":[2],"vehicles":[1],"interiors":[],"accounts":[],"content":"N\/A","factions":[]}
{"action":6,"origin":"ch2","date":"2026-02-04T19:19:47","phones":[],"objects":[],"characters":[2],"vehicles":[1],"interiors":[],"accounts":[],"content":"FIXVEH","factions":[]}
{"action":40,"origin":"ch2","date":"2026-02-04T19:19:49","phones":[],"objects":[],"characters":[2],"vehicles":[],"interiors":[],"accounts":[],"content":"Qays Almaloh starts the vehicle's engine.","factions":[]}
{"action":40,"origin":"ch2","date":"2026-02-04T19:20:00","phones":[],"objects":[],"characters":[1,2],"vehicles":[],"interiors":[],"accounts":[],"content":"Qays Almaloh starts the vehicle's engine.","factions":[]}
{"action":4,"origin":"ch1","date":"2026-02-04T19:20:17","phones":[],"objects":[],"characters":[1],"vehicles":[],"interiors":[],"accounts":[],"content":"AHEAL 100","factions":[]}
{"action":4,"origin":"ch1","date":"2026-02-04T19:20:54","phones":[],"objects":[],"characters":[1],"vehicles":[],"interiors":[],"accounts":[],"content":"AHEAL 100","factions":[]}
{"action":6,"origin":"ch2","date":"2026-02-04T19:21:47","phones":[],"objects":[],"characters":[2],"vehicles":[],"interiors":[],"accounts":[],"content":" Created new vehicle #2 in library.","factions":[]}
{"action":6,"origin":"ch2","date":"2026-02-04T19:22:49","phones":[],"objects":[],"characters":[],"vehicles":[2],"interiors":[],"accounts":[],"content":"SPAWNVEH 'Hotknife' $1 Qays_Almaloh","factions":[]}
{"action":40,"origin":"ch2","date":"2026-02-04T19:22:56","phones":[],"objects":[],"characters":[1,2],"vehicles":[],"interiors":[],"accounts":[],"content":"Qays Almaloh presses on the key to unlock the vehicle. ((Hotknife))","factions":[]}
{"action":31,"origin":"ch2","date":"2026-02-04T19:22:56","phones":[],"objects":[],"characters":[],"vehicles":[2],"interiors":[],"accounts":[],"content":"UNLOCK FROM OUTSIDE","factions":[]}
{"action":40,"origin":"ch2","date":"2026-02-04T19:23:00","phones":[],"objects":[],"characters":[1,2],"vehicles":[],"interiors":[],"accounts":[],"content":"Qays Almaloh starts the vehicle's engine.","factions":[]}
{"action":4,"origin":"ch2","date":"2026-02-04T19:23:10","phones":[],"objects":[],"characters":[2],"vehicles":[],"interiors":[],"accounts":[],"content":"GIVEITEM Vehicle Key (Hotknife) 2","factions":[]}
{"action":27,"origin":"ac1","date":"2026-02-04T19:23:38","phones":[],"objects":[],"characters":[1],"vehicles":[],"interiors":[],"accounts":[1],"content":"Disconnected (Quit) (Name: James_Reynold)","factions":[]}
{"action":27,"origin":"ac3","date":"2026-02-04T19:23:38","phones":[],"objects":[],"characters":[2],"vehicles":[],"interiors":[],"accounts":[3],"content":"Disconnected (Quit) (Name: Qays_Almaloh)","factions":[]}
{"action":27,"origin":"ac1","date":"2026-02-04T19:24:01","phones":[],"objects":[],"characters":[],"vehicles":[],"interiors":[],"accounts":[1],"content":"Connected from 151.177.208.110 - 5DDB4D0ED21D9219DDEBBE0676041DA2","factions":[]}
{"action":27,"origin":"ac3","date":"2026-02-04T19:24:09","phones":[],"objects":[],"characters":[],"vehicles":[],"interiors":[],"accounts":[3],"content":"Connected from 82.205.75.117 - C086C1EDCDD567405AF5CEAD17B498A1","factions":[]}
{"action":27,"origin":"ac1","date":"2026-02-04T19:24:09","phones":[],"objects":[],"characters":[1],"vehicles":[],"interiors":[],"accounts":[1],"content":"Spawned","factions":[]}
{"action":27,"origin":"ac3","date":"2026-02-04T19:24:19","phones":[],"objects":[],"characters":[2],"vehicles":[],"interiors":[],"accounts":[3],"content":"Spawned","factions":[]}
{"action":40,"origin":"ch2","date":"2026-02-04T19:24:51","phones":[],"objects":[],"characters":[1,2],"vehicles":[],"interiors":[],"accounts":[],"content":"Qays Almaloh starts the vehicle's engine.","factions":[]}
{"action":40,"origin":"ch1","date":"2026-02-04T19:24:59","phones":[],"objects":[],"characters":[1,2],"vehicles":[],"interiors":[],"accounts":[],"content":"James Reynold buckles in their seatbelt.","factions":[]}
{"action":40,"origin":"ch1","date":"2026-02-04T19:25:31","phones":[],"objects":[],"characters":[1,2],"vehicles":[],"interiors":[],"accounts":[],"content":"James Reynold unbuckles their seatbelt.","factions":[]}
{"action":40,"origin":"ch1","date":"2026-02-04T19:25:45","phones":[],"objects":[],"characters":[1,2],"vehicles":[],"interiors":[],"accounts":[],"content":"James Reynold starts the vehicle's engine.","factions":[]}
{"action":7,"origin":"ch1","date":"2026-02-04T19:26:01","phones":[],"objects":[],"characters":[1],"vehicles":[],"interiors":[],"accounts":[],"content":"English: ماذا دهاك يا قحب","factions":[]}
{"action":40,"origin":"ch2","date":"2026-02-04T19:26:10","phones":[],"objects":[],"characters":[1,2],"vehicles":[],"interiors":[],"accounts":[],"content":"Qays Almaloh rolls their windows down.","factions":[]}
{"action":7,"origin":"ch1","date":"2026-02-04T19:26:13","phones":[],"objects":[],"characters":[1,2],"vehicles":[],"interiors":[],"accounts":[],"content":"English: ماذا دهاك يا قحب","factions":[]}
{"action":7,"origin":"ch1","date":"2026-02-04T19:26:14","phones":[],"objects":[],"characters":[1,2],"vehicles":[],"interiors":[],"accounts":[],"content":"English: انزل لي","factions":[]}
{"action":7,"origin":"ch1","date":"2026-02-04T19:26:17","phones":[],"objects":[],"characters":[1,2],"vehicles":[],"interiors":[],"accounts":[],"content":"English: ساداعبك","factions":[]}
{"action":7,"origin":"ch2","date":"2026-02-04T19:26:18","phones":[],"objects":[],"characters":[2,1],"vehicles":[],"interiors":[],"accounts":[],"content":"English: هل تتذكرني","factions":[]}
{"action":7,"origin":"ch2","date":"2026-02-04T19:26:21","phones":[],"objects":[],"characters":[2,1],"vehicles":[],"interiors":[],"accounts":[],"content":"English: ساعتليك","factions":[]}
{"action":4,"origin":"ch2","date":"2026-02-04T19:27:02","phones":[],"objects":[],"characters":[2],"vehicles":[],"interiors":[],"accounts":[],"content":"AHEAL 100","factions":[]}
{"action":6,"origin":"ch2","date":"2026-02-04T19:28:44","phones":[],"objects":[],"characters":[],"vehicles":[2],"interiors":[],"accounts":[],"content":"getveh","factions":[]}
{"action":6,"origin":"ch1","date":"2026-02-04T19:28:53","phones":[],"objects":[],"characters":[],"vehicles":[2],"interiors":[],"accounts":[],"content":"DELVEH","factions":[]}
{"action":6,"origin":"ch1","date":"2026-02-04T19:29:22","phones":[],"objects":[],"characters":[],"vehicles":[2],"interiors":[],"accounts":[],"content":"gotoveh","factions":[]}
{"action":6,"origin":"ch2","date":"2026-02-04T19:29:27","phones":[],"objects":[],"characters":[],"vehicles":[2],"interiors":[],"accounts":[],"content":"gotoveh","factions":[]}
{"action":6,"origin":"ch2","date":"2026-02-04T19:29:33","phones":[],"objects":[],"characters":[2],"vehicles":[2],"interiors":[],"accounts":[],"content":"FIXVEH","factions":[]}
{"action":6,"origin":"ch1","date":"2026-02-04T19:29:34","phones":[],"objects":[],"characters":[],"vehicles":[2],"interiors":[],"accounts":[],"content":"DELVEH","factions":[]}
{"action":6,"origin":"ch1","date":"2026-02-04T19:29:38","phones":[],"objects":[],"characters":[],"vehicles":[2],"interiors":[],"accounts":[],"content":"RESTOREVEH","factions":[]}
{"action":6,"origin":"ch1","date":"2026-02-04T19:29:46","phones":[],"objects":[],"characters":[1],"vehicles":[2],"interiors":[],"accounts":[],"content":"FIXVEH","factions":[]}
{"action":4,"origin":"ch1","date":"2026-02-04T19:29:46","phones":[],"objects":[],"characters":[1],"vehicles":[2],"interiors":[],"accounts":[],"content":"N\/A","factions":[]}
{"action":6,"origin":"ch1","date":"2026-02-04T19:29:46","phones":[],"objects":[],"characters":[1],"vehicles":[2],"interiors":[],"accounts":[],"content":"FUELVEH","factions":[]}
{"action":40,"origin":"ch2","date":"2026-02-04T19:29:47","phones":[],"objects":[],"characters":[1,2],"vehicles":[],"interiors":[],"accounts":[],"content":"Qays Almaloh starts the vehicle's engine.","factions":[]}
{"action":6,"origin":"ch2","date":"2026-02-04T19:29:47","phones":[],"objects":[],"characters":[2],"vehicles":[2],"interiors":[],"accounts":[],"content":"FIXVEH","factions":[]}
{"action":6,"origin":"ch2","date":"2026-02-04T19:29:49","phones":[],"objects":[],"characters":[2],"vehicles":[2],"interiors":[],"accounts":[],"content":"FIXVEH","factions":[]}
{"action":6,"origin":"ch2","date":"2026-02-04T19:29:53","phones":[],"objects":[],"characters":[2],"vehicles":[2],"interiors":[],"accounts":[],"content":"FIXVEH","factions":[]}
{"action":6,"origin":"ch2","date":"2026-02-04T19:29:54","phones":[],"objects":[],"characters":[2],"vehicles":[2],"interiors":[],"accounts":[],"content":"FIXVEH","factions":[]}
{"action":6,"origin":"ch1","date":"2026-02-04T19:29:56","phones":[],"objects":[],"characters":[1],"vehicles":[2],"interiors":[],"accounts":[],"content":"FIXVEH","factions":[]}
{"action":4,"origin":"ch1","date":"2026-02-04T19:29:56","phones":[],"objects":[],"characters":[1],"vehicles":[2],"interiors":[],"accounts":[],"content":"N\/A","factions":[]}
{"action":6,"origin":"ch1","date":"2026-02-04T19:29:56","phones":[],"objects":[],"characters":[1],"vehicles":[2],"interiors":[],"accounts":[],"content":"FUELVEH","factions":[]}
{"action":40,"origin":"ch2","date":"2026-02-04T19:30:44","phones":[],"objects":[],"characters":[1,2],"vehicles":[],"interiors":[],"accounts":[],"content":"Qays Almaloh rolls their windows down.","factions":[]}
{"action":7,"origin":"ch2","date":"2026-02-04T19:30:47","phones":[],"objects":[],"characters":[2,1],"vehicles":[],"interiors":[],"accounts":[],"content":"English: لو سمحت","factions":[]}
{"action":4,"origin":"ch1","date":"2026-02-04T19:30:48","phones":[],"objects":[],"characters":[1],"vehicles":[],"interiors":[],"accounts":[],"content":"FREECAM","factions":[]}
{"action":7,"origin":"ch2","date":"2026-02-04T19:30:53","phones":[],"objects":[],"characters":[2],"vehicles":[],"interiors":[],"accounts":[],"content":"English: لو سمحت","factions":[]}
{"action":7,"origin":"ch2","date":"2026-02-04T19:30:57","phones":[],"objects":[],"characters":[2],"vehicles":[],"interiors":[],"accounts":[],"content":"English: معرض السيارات وين","factions":[]}
{"action":6,"origin":"ch1","date":"2026-02-04T19:31:19","phones":[],"objects":[],"characters":[],"vehicles":[2],"interiors":[],"accounts":[],"content":"getveh","factions":[]}
{"action":6,"origin":"ch2","date":"2026-02-04T19:31:34","phones":[],"objects":[],"characters":[2],"vehicles":[2],"interiors":[],"accounts":[],"content":"FIXVEH","factions":[]}
{"action":40,"origin":"ch2","date":"2026-02-04T19:31:34","phones":[],"objects":[],"characters":[1,2],"vehicles":[],"interiors":[],"accounts":[],"content":"Qays Almaloh starts the vehicle's engine.","factions":[]}
{"action":40,"origin":"ch1","date":"2026-02-04T19:32:10","phones":[],"objects":[],"characters":[1,2],"vehicles":[],"interiors":[],"accounts":[],"content":"James Reynold buckles in their seatbelt.","factions":[]}
{"action":40,"origin":"ch2","date":"2026-02-04T19:32:13","phones":[],"objects":[],"characters":[1,2],"vehicles":[],"interiors":[],"accounts":[],"content":"Qays Almaloh buckles in their seatbelt.","factions":[]}
{"action":6,"origin":"ch2","date":"2026-02-04T19:35:10","phones":[],"objects":[],"characters":[2],"vehicles":[],"interiors":[],"accounts":[],"content":" Created new vehicle #3 in library.","factions":[]}
{"action":6,"origin":"ch2","date":"2026-02-04T19:35:37","phones":[],"objects":[],"characters":[],"vehicles":[3],"interiors":[],"accounts":[],"content":"SPAWNVEH 'Hotring Racer' $1 Qays_Almaloh","factions":[]}
{"action":6,"origin":"ch2","date":"2026-02-04T19:36:38","phones":[],"objects":[],"characters":[2],"vehicles":[2],"interiors":[],"accounts":[],"content":"FIXVEH","factions":[]}
{"action":6,"origin":"ch2","date":"2026-02-04T19:36:40","phones":[],"objects":[],"characters":[2],"vehicles":[2],"interiors":[],"accounts":[],"content":"FIXVEH","factions":[]}
{"action":6,"origin":"ch2","date":"2026-02-04T19:36:41","phones":[],"objects":[],"characters":[2],"vehicles":[2],"interiors":[],"accounts":[],"content":"FIXVEH","factions":[]}
{"action":6,"origin":"ch2","date":"2026-02-04T19:36:42","phones":[],"objects":[],"characters":[2],"vehicles":[2],"interiors":[],"accounts":[],"content":"FIXVEH","factions":[]}
{"action":6,"origin":"ch2","date":"2026-02-04T19:36:45","phones":[],"objects":[],"characters":[2],"vehicles":[2],"interiors":[],"accounts":[],"content":"FIXVEH","factions":[]}
{"action":6,"origin":"ch2","date":"2026-02-04T19:37:01","phones":[],"objects":[],"characters":[2],"vehicles":[2],"interiors":[],"accounts":[],"content":"FIXVEH","factions":[]}
{"action":6,"origin":"ch2","date":"2026-02-04T19:37:02","phones":[],"objects":[],"characters":[2],"vehicles":[2],"interiors":[],"accounts":[],"content":"FIXVEH","factions":[]}
{"action":4,"origin":"ch2","date":"2026-02-04T19:37:13","phones":[],"objects":[],"characters":[2],"vehicles":[],"interiors":[],"accounts":[],"content":"AHEAL 100","factions":[]}
{"action":4,"origin":"ch2","date":"2026-02-04T19:37:16","phones":[],"objects":[],"characters":[1],"vehicles":[],"interiors":[],"accounts":[],"content":"AHEAL 100","factions":[]}
{"action":6,"origin":"ch2","date":"2026-02-04T19:37:25","phones":[],"objects":[],"characters":[2],"vehicles":[2],"interiors":[],"accounts":[],"content":"FIXVEH","factions":[]}
{"action":6,"origin":"ch2","date":"2026-02-04T19:37:27","phones":[],"objects":[],"characters":[2],"vehicles":[2],"interiors":[],"accounts":[],"content":"FIXVEH","factions":[]}
{"action":6,"origin":"ch2","date":"2026-02-04T19:37:31","phones":[],"objects":[],"characters":[2],"vehicles":[2],"interiors":[],"accounts":[],"content":"FIXVEH","factions":[]}
{"action":6,"origin":"ch2","date":"2026-02-04T19:37:33","phones":[],"objects":[],"characters":[2],"vehicles":[2],"interiors":[],"accounts":[],"content":"FIXVEH","factions":[]}
{"action":6,"origin":"ch2","date":"2026-02-04T19:37:34","phones":[],"objects":[],"characters":[2],"vehicles":[2],"interiors":[],"accounts":[],"content":"FIXVEH","factions":[]}
{"action":6,"origin":"ch2","date":"2026-02-04T19:37:34","phones":[],"objects":[],"characters":[2],"vehicles":[2],"interiors":[],"accounts":[],"content":"FIXVEH","factions":[]}
{"action":6,"origin":"ch2","date":"2026-02-04T19:37:34","phones":[],"objects":[],"characters":[2],"vehicles":[2],"interiors":[],"accounts":[],"content":"FIXVEH","factions":[]}
{"action":6,"origin":"ch2","date":"2026-02-04T19:37:34","phones":[],"objects":[],"characters":[2],"vehicles":[2],"interiors":[],"accounts":[],"content":"FIXVEH","factions":[]}
{"action":6,"origin":"ch2","date":"2026-02-04T19:37:36","phones":[],"objects":[],"characters":[2],"vehicles":[2],"interiors":[],"accounts":[],"content":"FIXVEH","factions":[]}
{"action":6,"origin":"ch2","date":"2026-02-04T19:37:36","phones":[],"objects":[],"characters":[2],"vehicles":[2],"interiors":[],"accounts":[],"content":"FIXVEH","factions":[]}
{"action":6,"origin":"ch2","date":"2026-02-04T19:37:36","phones":[],"objects":[],"characters":[2],"vehicles":[2],"interiors":[],"accounts":[],"content":"FIXVEH","factions":[]}
{"action":6,"origin":"ch2","date":"2026-02-04T19:37:36","phones":[],"objects":[],"characters":[2],"vehicles":[2],"interiors":[],"accounts":[],"content":"FIXVEH","factions":[]}
{"action":6,"origin":"ch2","date":"2026-02-04T19:37:36","phones":[],"objects":[],"characters":[2],"vehicles":[2],"interiors":[],"accounts":[],"content":"FIXVEH","factions":[]}
{"action":6,"origin":"ch2","date":"2026-02-04T19:37:37","phones":[],"objects":[],"characters":[2],"vehicles":[2],"interiors":[],"accounts":[],"content":"FIXVEH","factions":[]}
{"action":6,"origin":"ch2","date":"2026-02-04T19:37:37","phones":[],"objects":[],"characters":[2],"vehicles":[2],"interiors":[],"accounts":[],"content":"FIXVEH","factions":[]}
{"action":6,"origin":"ch2","date":"2026-02-04T19:37:37","phones":[],"objects":[],"characters":[2],"vehicles":[2],"interiors":[],"accounts":[],"content":"FIXVEH","factions":[]}
{"action":6,"origin":"ch2","date":"2026-02-04T19:37:37","phones":[],"objects":[],"characters":[2],"vehicles":[2],"interiors":[],"accounts":[],"content":"FIXVEH","factions":[]}
{"action":6,"origin":"ch2","date":"2026-02-04T19:37:37","phones":[],"objects":[],"characters":[2],"vehicles":[2],"interiors":[],"accounts":[],"content":"FIXVEH","factions":[]}
{"action":6,"origin":"ch2","date":"2026-02-04T19:37:37","phones":[],"objects":[],"characters":[2],"vehicles":[2],"interiors":[],"accounts":[],"content":"FIXVEH","factions":[]}
{"action":6,"origin":"ch2","date":"2026-02-04T19:37:38","phones":[],"objects":[],"characters":[2],"vehicles":[2],"interiors":[],"accounts":[],"content":"FIXVEH","factions":[]}
{"action":6,"origin":"ch2","date":"2026-02-04T19:37:38","phones":[],"objects":[],"characters":[2],"vehicles":[2],"interiors":[],"accounts":[],"content":"FIXVEH","factions":[]}
{"action":6,"origin":"ch2","date":"2026-02-04T19:37:38","phones":[],"objects":[],"characters":[2],"vehicles":[2],"interiors":[],"accounts":[],"content":"FIXVEH","factions":[]}
{"action":40,"origin":"ch2","date":"2026-02-04T19:37:38","phones":[],"objects":[],"characters":[1,2],"vehicles":[],"interiors":[],"accounts":[],"content":"Qays Almaloh unbuckles their seatbelt.","factions":[]}
{"action":40,"origin":"ch2","date":"2026-02-04T19:37:38","phones":[],"objects":[],"characters":[1,2],"vehicles":[],"interiors":[],"accounts":[],"content":"Qays Almaloh buckles in their seatbelt.","factions":[]}
{"action":40,"origin":"ch2","date":"2026-02-04T19:37:39","phones":[],"objects":[],"characters":[1,2],"vehicles":[],"interiors":[],"accounts":[],"content":"Qays Almaloh unbuckles their seatbelt.","factions":[]}
{"action":40,"origin":"ch2","date":"2026-02-04T19:37:39","phones":[],"objects":[],"characters":[1,2],"vehicles":[],"interiors":[],"accounts":[],"content":"Qays Almaloh buckles in their seatbelt.","factions":[]}
{"action":40,"origin":"ch2","date":"2026-02-04T19:37:40","phones":[],"objects":[],"characters":[1,2],"vehicles":[],"interiors":[],"accounts":[],"content":"Qays Almaloh unbuckles their seatbelt.","factions":[]}
{"action":6,"origin":"ch2","date":"2026-02-04T19:37:40","phones":[],"objects":[],"characters":[2],"vehicles":[2],"interiors":[],"accounts":[],"content":"FIXVEH","factions":[]}
{"action":6,"origin":"ch2","date":"2026-02-04T19:37:41","phones":[],"objects":[],"characters":[2],"vehicles":[2],"interiors":[],"accounts":[],"content":"FIXVEH","factions":[]}
{"action":4,"origin":"ch2","date":"2026-02-04T19:37:49","phones":[],"objects":[],"characters":[2],"vehicles":[2],"interiors":[],"accounts":[],"content":"N\/A","factions":[]}
{"action":6,"origin":"ch2","date":"2026-02-04T19:37:50","phones":[],"objects":[],"characters":[2],"vehicles":[2],"interiors":[],"accounts":[],"content":"FIXVEH","factions":[]}
{"action":40,"origin":"ch2","date":"2026-02-04T19:37:51","phones":[],"objects":[],"characters":[1,2],"vehicles":[],"interiors":[],"accounts":[],"content":"Qays Almaloh starts the vehicle's engine.","factions":[]}
{"action":40,"origin":"ch2","date":"2026-02-04T19:37:53","phones":[],"objects":[],"characters":[1,2],"vehicles":[],"interiors":[],"accounts":[],"content":"Qays Almaloh buckles in their seatbelt.","factions":[]}
{"action":4,"origin":"ch2","date":"2026-02-04T19:38:07","phones":[],"objects":[],"characters":[2],"vehicles":[2],"interiors":[],"accounts":[],"content":"N\/A","factions":[]}
{"action":4,"origin":"ch2","date":"2026-02-04T19:38:08","phones":[],"objects":[],"characters":[2],"vehicles":[2],"interiors":[],"accounts":[],"content":"N\/A","factions":[]}
{"action":4,"origin":"ch2","date":"2026-02-04T19:38:44","phones":[],"objects":[],"characters":[2],"vehicles":[],"interiors":[],"accounts":[],"content":"GIVEMONEY 40000","factions":[]}
{"action":7,"origin":"ch2","date":"2026-02-04T19:38:48","phones":[],"objects":[],"characters":[2,1],"vehicles":[],"interiors":[],"accounts":[],"content":"English: Yes please.","factions":[]}
{"action":25,"origin":"ch2","date":"2026-02-04T19:39:03","phones":[],"objects":[],"characters":[1],"vehicles":[],"interiors":[],"accounts":[],"content":"PAY 30","factions":[]}
{"action":40,"origin":"ch2","date":"2026-02-04T19:39:14","phones":[],"objects":[],"characters":[1,2],"vehicles":[],"interiors":[],"accounts":[],"content":"Qays Almaloh takes some dollar notes from his wallet and gives them to James Reynold.","factions":[]}
{"action":40,"origin":"ch2","date":"2026-02-04T19:42:47","phones":[],"objects":[],"characters":[1,2],"vehicles":[],"interiors":[],"accounts":[],"content":"Qays Almaloh starts the vehicle's engine.","factions":[]}
{"action":6,"origin":"ch2","date":"2026-02-04T19:44:10","phones":[],"objects":[],"characters":[2],"vehicles":[2],"interiors":[],"accounts":[],"content":"FIXVEH","factions":[]}
{"action":40,"origin":"ch2","date":"2026-02-04T19:48:09","phones":[],"objects":[],"characters":[1,2],"vehicles":[],"interiors":[],"accounts":[],"content":"Qays Almaloh locks the vehicle doors.","factions":[]}
{"action":31,"origin":"ch2","date":"2026-02-04T19:48:09","phones":[],"objects":[],"characters":[],"vehicles":[2],"interiors":[],"accounts":[],"content":"LOCK FROM INSIDE","factions":[]}
{"action":40,"origin":"ch2","date":"2026-02-04T19:48:10","phones":[],"objects":[],"characters":[1,2],"vehicles":[],"interiors":[],"accounts":[],"content":"Qays Almaloh unlocks the vehicle doors.","factions":[]}
{"action":31,"origin":"ch2","date":"2026-02-04T19:48:10","phones":[],"objects":[],"characters":[],"vehicles":[2],"interiors":[],"accounts":[],"content":"UNLOCK FROM INSIDE","factions":[]}
{"action":6,"origin":"ch2","date":"2026-02-04T19:48:42","phones":[],"objects":[],"characters":[2],"vehicles":[2],"interiors":[],"accounts":[],"content":"FUELVEH","factions":[]}
{"action":6,"origin":"ch2","date":"2026-02-04T19:49:34","phones":[],"objects":[],"characters":[],"vehicles":[3],"interiors":[],"accounts":[],"content":"getveh","factions":[]}
{"action":40,"origin":"ch2","date":"2026-02-04T19:49:36","phones":[],"objects":[],"characters":[1,2],"vehicles":[],"interiors":[],"accounts":[],"content":"Qays Almaloh unbuckles their seatbelt.","factions":[]}
{"action":40,"origin":"ch1","date":"2026-02-04T19:49:36","phones":[],"objects":[],"characters":[1,2],"vehicles":[],"interiors":[],"accounts":[],"content":"James Reynold unbuckles their seatbelt.","factions":[]}
{"action":40,"origin":"ch1","date":"2026-02-04T19:49:43","phones":[],"objects":[],"characters":[1,2],"vehicles":[],"interiors":[],"accounts":[],"content":"James Reynold presses on the key to unlock the vehicle. ((Hotring Racer))","factions":[]}
{"action":31,"origin":"ch1","date":"2026-02-04T19:49:43","phones":[],"objects":[],"characters":[],"vehicles":[3],"interiors":[],"accounts":[],"content":"UNLOCK FROM OUTSIDE","factions":[]}
{"action":40,"origin":"ch1","date":"2026-02-04T19:49:44","phones":[],"objects":[],"characters":[1,2],"vehicles":[],"interiors":[],"accounts":[],"content":"James Reynold presses on the key to lock the vehicle. ((Hotring Racer))","factions":[]}
{"action":31,"origin":"ch1","date":"2026-02-04T19:49:44","phones":[],"objects":[],"characters":[],"vehicles":[3],"interiors":[],"accounts":[],"content":"LOCK FROM OUTSIDE","factions":[]}
{"action":40,"origin":"ch2","date":"2026-02-04T19:49:50","phones":[],"objects":[],"characters":[1,2],"vehicles":[],"interiors":[],"accounts":[],"content":"Qays Almaloh presses on the key to unlock the vehicle. ((Hotring Racer))","factions":[]}
{"action":31,"origin":"ch2","date":"2026-02-04T19:49:50","phones":[],"objects":[],"characters":[],"vehicles":[3],"interiors":[],"accounts":[],"content":"UNLOCK FROM OUTSIDE","factions":[]}
{"action":40,"origin":"ch1","date":"2026-02-04T19:49:50","phones":[],"objects":[],"characters":[1,2],"vehicles":[],"interiors":[],"accounts":[],"content":"James Reynold presses on the key to lock the vehicle. ((Hotring Racer))","factions":[]}
{"action":31,"origin":"ch1","date":"2026-02-04T19:49:50","phones":[],"objects":[],"characters":[],"vehicles":[3],"interiors":[],"accounts":[],"content":"LOCK FROM OUTSIDE","factions":[]}
{"action":40,"origin":"ch2","date":"2026-02-04T19:49:52","phones":[],"objects":[],"characters":[1,2],"vehicles":[],"interiors":[],"accounts":[],"content":"Qays Almaloh presses on the key to unlock the vehicle. ((Hotring Racer))","factions":[]}
{"action":31,"origin":"ch2","date":"2026-02-04T19:49:52","phones":[],"objects":[],"characters":[],"vehicles":[3],"interiors":[],"accounts":[],"content":"UNLOCK FROM OUTSIDE","factions":[]}
{"action":40,"origin":"ch1","date":"2026-02-04T19:49:54","phones":[],"objects":[],"characters":[1,2],"vehicles":[],"interiors":[],"accounts":[],"content":"James Reynold presses on the key to lock the vehicle. ((Hotring Racer))","factions":[]}
{"action":31,"origin":"ch1","date":"2026-02-04T19:49:54","phones":[],"objects":[],"characters":[],"vehicles":[3],"interiors":[],"accounts":[],"content":"LOCK FROM OUTSIDE","factions":[]}
{"action":40,"origin":"ch2","date":"2026-02-04T19:49:56","phones":[],"objects":[],"characters":[1,2],"vehicles":[],"interiors":[],"accounts":[],"content":"Qays Almaloh presses on the key to unlock the vehicle. ((Hotring Racer))","factions":[]}
{"action":31,"origin":"ch2","date":"2026-02-04T19:49:56","phones":[],"objects":[],"characters":[],"vehicles":[3],"interiors":[],"accounts":[],"content":"UNLOCK FROM OUTSIDE","factions":[]}
{"action":40,"origin":"ch2","date":"2026-02-04T19:49:57","phones":[],"objects":[],"characters":[1,2],"vehicles":[],"interiors":[],"accounts":[],"content":"Qays Almaloh presses on the key to lock the vehicle. ((Hotring Racer))","factions":[]}
{"action":31,"origin":"ch2","date":"2026-02-04T19:49:57","phones":[],"objects":[],"characters":[],"vehicles":[3],"interiors":[],"accounts":[],"content":"LOCK FROM OUTSIDE","factions":[]}
{"action":40,"origin":"ch1","date":"2026-02-04T19:49:58","phones":[],"objects":[],"characters":[1,2],"vehicles":[],"interiors":[],"accounts":[],"content":"James Reynold presses on the key to unlock the vehicle. ((Hotring Racer))","factions":[]}
{"action":31,"origin":"ch1","date":"2026-02-04T19:49:58","phones":[],"objects":[],"characters":[],"vehicles":[3],"interiors":[],"accounts":[],"content":"UNLOCK FROM OUTSIDE","factions":[]}
{"action":40,"origin":"ch2","date":"2026-02-04T19:50:00","phones":[],"objects":[],"characters":[1,2],"vehicles":[],"interiors":[],"accounts":[],"content":"Qays Almaloh presses on the key to lock the vehicle. ((Hotring Racer))","factions":[]}
{"action":31,"origin":"ch2","date":"2026-02-04T19:50:00","phones":[],"objects":[],"characters":[],"vehicles":[3],"interiors":[],"accounts":[],"content":"LOCK FROM OUTSIDE","factions":[]}
{"action":40,"origin":"ch2","date":"2026-02-04T19:50:02","phones":[],"objects":[],"characters":[1,2],"vehicles":[],"interiors":[],"accounts":[],"content":"Qays Almaloh presses on the key to unlock the vehicle. ((Hotring Racer))","factions":[]}
{"action":31,"origin":"ch2","date":"2026-02-04T19:50:02","phones":[],"objects":[],"characters":[],"vehicles":[3],"interiors":[],"accounts":[],"content":"UNLOCK FROM OUTSIDE","factions":[]}
{"action":40,"origin":"ch1","date":"2026-02-04T19:50:06","phones":[],"objects":[],"characters":[1,2],"vehicles":[],"interiors":[],"accounts":[],"content":"James Reynold presses on the key to lock the vehicle. ((Hotring Racer))","factions":[]}
{"action":31,"origin":"ch1","date":"2026-02-04T19:50:06","phones":[],"objects":[],"characters":[],"vehicles":[3],"interiors":[],"accounts":[],"content":"LOCK FROM OUTSIDE","factions":[]}
{"action":40,"origin":"ch1","date":"2026-02-04T19:50:08","phones":[],"objects":[],"characters":[1,2],"vehicles":[],"interiors":[],"accounts":[],"content":"James Reynold presses on the key to unlock the vehicle. ((Hotring Racer))","factions":[]}
{"action":31,"origin":"ch1","date":"2026-02-04T19:50:08","phones":[],"objects":[],"characters":[],"vehicles":[3],"interiors":[],"accounts":[],"content":"UNLOCK FROM OUTSIDE","factions":[]}
{"action":40,"origin":"ch2","date":"2026-02-04T19:50:09","phones":[],"objects":[],"characters":[1,2],"vehicles":[],"interiors":[],"accounts":[],"content":"Qays Almaloh presses on the key to lock the vehicle. ((Hotring Racer))","factions":[]}
{"action":31,"origin":"ch2","date":"2026-02-04T19:50:09","phones":[],"objects":[],"characters":[],"vehicles":[3],"interiors":[],"accounts":[],"content":"LOCK FROM OUTSIDE","factions":[]}
{"action":40,"origin":"ch1","date":"2026-02-04T19:50:10","phones":[],"objects":[],"characters":[1,2],"vehicles":[],"interiors":[],"accounts":[],"content":"James Reynold presses on the key to unlock the vehicle. ((Hotring Racer))","factions":[]}
{"action":31,"origin":"ch1","date":"2026-02-04T19:50:10","phones":[],"objects":[],"characters":[],"vehicles":[3],"interiors":[],"accounts":[],"content":"UNLOCK FROM OUTSIDE","factions":[]}
{"action":40,"origin":"ch1","date":"2026-02-04T19:50:11","phones":[],"objects":[],"characters":[1,2],"vehicles":[],"interiors":[],"accounts":[],"content":"James Reynold presses on the key to lock the vehicle. ((Hotring Racer))","factions":[]}
{"action":31,"origin":"ch1","date":"2026-02-04T19:50:11","phones":[],"objects":[],"characters":[],"vehicles":[3],"interiors":[],"accounts":[],"content":"LOCK FROM OUTSIDE","factions":[]}
{"action":40,"origin":"ch1","date":"2026-02-04T19:50:12","phones":[],"objects":[],"characters":[1,2],"vehicles":[],"interiors":[],"accounts":[],"content":"James Reynold presses on the key to unlock the vehicle. ((Hotring Racer))","factions":[]}
{"action":31,"origin":"ch1","date":"2026-02-04T19:50:12","phones":[],"objects":[],"characters":[],"vehicles":[3],"interiors":[],"accounts":[],"content":"UNLOCK FROM OUTSIDE","factions":[]}
{"action":40,"origin":"ch1","date":"2026-02-04T19:50:13","phones":[],"objects":[],"characters":[1,2],"vehicles":[],"interiors":[],"accounts":[],"content":"James Reynold presses on the key to lock the vehicle. ((Hotring Racer))","factions":[]}
{"action":31,"origin":"ch1","date":"2026-02-04T19:50:13","phones":[],"objects":[],"characters":[],"vehicles":[3],"interiors":[],"accounts":[],"content":"LOCK FROM OUTSIDE","factions":[]}
{"action":40,"origin":"ch1","date":"2026-02-04T19:50:14","phones":[],"objects":[],"characters":[1,2],"vehicles":[],"interiors":[],"accounts":[],"content":"James Reynold presses on the key to unlock the vehicle. ((Hotring Racer))","factions":[]}
{"action":31,"origin":"ch1","date":"2026-02-04T19:50:14","phones":[],"objects":[],"characters":[],"vehicles":[3],"interiors":[],"accounts":[],"content":"UNLOCK FROM OUTSIDE","factions":[]}
{"action":40,"origin":"ch1","date":"2026-02-04T19:50:17","phones":[],"objects":[],"characters":[1,2],"vehicles":[],"interiors":[],"accounts":[],"content":"James Reynold presses on the key to lock the vehicle. ((Hotring Racer))","factions":[]}
{"action":31,"origin":"ch1","date":"2026-02-04T19:50:17","phones":[],"objects":[],"characters":[],"vehicles":[3],"interiors":[],"accounts":[],"content":"LOCK FROM OUTSIDE","factions":[]}
{"action":40,"origin":"ch1","date":"2026-02-04T19:50:18","phones":[],"objects":[],"characters":[1,2],"vehicles":[],"interiors":[],"accounts":[],"content":"James Reynold presses on the key to unlock the vehicle. ((Hotring Racer))","factions":[]}
{"action":31,"origin":"ch1","date":"2026-02-04T19:50:18","phones":[],"objects":[],"characters":[],"vehicles":[3],"interiors":[],"accounts":[],"content":"UNLOCK FROM OUTSIDE","factions":[]}
{"action":40,"origin":"ch2","date":"2026-02-04T19:50:24","phones":[],"objects":[],"characters":[1,2],"vehicles":[],"interiors":[],"accounts":[],"content":"Qays Almaloh starts the vehicle's engine.","factions":[]}
{"action":40,"origin":"ch2","date":"2026-02-04T19:50:25","phones":[],"objects":[],"characters":[1,2],"vehicles":[],"interiors":[],"accounts":[],"content":"Qays Almaloh buckles in their seatbelt.","factions":[]}
{"action":40,"origin":"ch2","date":"2026-02-04T19:50:26","phones":[],"objects":[],"characters":[1,2],"vehicles":[],"interiors":[],"accounts":[],"content":"Qays Almaloh rolls their windows down.","factions":[]}
{"action":6,"origin":"ch2","date":"2026-02-04T19:50:26","phones":[],"objects":[],"characters":[2],"vehicles":[3],"interiors":[],"accounts":[],"content":"FIXVEH","factions":[]}
{"action":40,"origin":"ch1","date":"2026-02-04T19:50:27","phones":[],"objects":[],"characters":[1,2],"vehicles":[],"interiors":[],"accounts":[],"content":"James Reynold buckles in their seatbelt.","factions":[]}
{"action":3,"origin":"ch1","date":"2026-02-04T19:50:36","phones":[],"objects":[],"characters":[1,2],"vehicles":[],"interiors":[],"accounts":[],"content":"يا قيس شارتك هي اول تحذير شفهي","factions":[]}
{"action":19,"origin":"ch1","date":"2026-02-04T19:50:50","phones":[],"objects":[],"characters":[1,2],"vehicles":[],"interiors":[],"accounts":[],"content":"English G","factions":[]}
{"action":3,"origin":"ch2","date":"2026-02-04T19:50:54","phones":[],"objects":[],"characters":[1,2],"vehicles":[],"interiors":[],"accounts":[],"content":"2","factions":[]}
{"action":3,"origin":"ch2","date":"2026-02-04T19:50:57","phones":[],"objects":[],"characters":[1,2],"vehicles":[],"interiors":[],"accounts":[],"content":"اسف","factions":[]}
{"action":3,"origin":"ch1","date":"2026-02-04T19:51:04","phones":[],"objects":[],"characters":[1,2],"vehicles":[],"interiors":[],"accounts":[],"content":"لعبلي","factions":[]}
{"action":3,"origin":"ch2","date":"2026-02-04T19:51:05","phones":[],"objects":[],"characters":[1,2],"vehicles":[],"interiors":[],"accounts":[],"content":"ما كنت منتبه","factions":[]}
{"action":3,"origin":"ch1","date":"2026-02-04T19:51:12","phones":[],"objects":[],"characters":[1,2],"vehicles":[],"interiors":[],"accounts":[],"content":"لا تعيدها هي اول تحذيؤ","factions":[]}
{"action":3,"origin":"ch2","date":"2026-02-04T19:51:13","phones":[],"objects":[],"characters":[1,2],"vehicles":[],"interiors":[],"accounts":[],"content":"كل خرا","factions":[]}
{"action":3,"origin":"ch1","date":"2026-02-04T19:51:16","phones":[],"objects":[],"characters":[1,2],"vehicles":[],"interiors":[],"accounts":[],"content":"الثاني سحب رتبة","factions":[]}
{"action":3,"origin":"ch2","date":"2026-02-04T19:51:28","phones":[],"objects":[],"characters":[1,2],"vehicles":[],"interiors":[],"accounts":[],"content":"انا اعلى من عماد","factions":[]}
{"action":3,"origin":"ch1","date":"2026-02-04T19:51:38","phones":[],"objects":[],"characters":[1,2],"vehicles":[],"interiors":[],"accounts":[],"content":"معاقب لمدة اسبوع","factions":[]}
{"action":3,"origin":"ch2","date":"2026-02-04T19:51:39","phones":[],"objects":[],"characters":[1,2],"vehicles":[],"interiors":[],"accounts":[],"content":"اسف","factions":[]}
{"action":3,"origin":"ch1","date":"2026-02-04T19:51:45","phones":[],"objects":[],"characters":[1,2],"vehicles":[],"interiors":[],"accounts":[],"content":"حذرتك اكثر من مرة","factions":[]}
{"action":40,"origin":"ch2","date":"2026-02-04T19:53:50","phones":[],"objects":[],"characters":[1,2],"vehicles":[],"interiors":[],"accounts":[],"content":"Qays Almaloh takes out his Cellphone.","factions":[]}
{"action":40,"origin":"ch1","date":"2026-02-04T19:53:56","phones":[],"objects":[],"characters":[1,2],"vehicles":[],"interiors":[],"accounts":[],"content":"James Reynold takes out his Cellphone.","factions":[]}
{"action":40,"origin":"ch1","date":"2026-02-04T19:54:10","phones":[],"objects":[],"characters":[1,2],"vehicles":[],"interiors":[],"accounts":[],"content":"James Reynold puts down his Cellphone.","factions":[]}
{"action":4,"origin":"ch1","date":"2026-02-04T19:54:19","phones":[],"objects":[],"characters":[1],"vehicles":[],"interiors":[],"accounts":[],"content":"SET TO FACTION","factions":[1]}
{"action":40,"origin":"ch2","date":"2026-02-04T19:54:20","phones":[],"objects":[],"characters":[1,2],"vehicles":[],"interiors":[],"accounts":[],"content":"Qays Almaloh puts down his Cellphone.","factions":[]}
{"action":4,"origin":"ch1","date":"2026-02-04T19:54:26","phones":[],"objects":[],"characters":[2],"vehicles":[],"interiors":[],"accounts":[],"content":"SET TO FACTION","factions":[1]}
{"action":6,"origin":"ch1","date":"2026-02-04T19:55:03","phones":[],"objects":[],"characters":[1],"vehicles":[3],"interiors":[],"accounts":[],"content":"FIXVEH","factions":[]}
{"action":4,"origin":"ch1","date":"2026-02-04T19:55:03","phones":[],"objects":[],"characters":[1],"vehicles":[3],"interiors":[],"accounts":[],"content":"N\/A","factions":[]}
{"action":6,"origin":"ch1","date":"2026-02-04T19:55:03","phones":[],"objects":[],"characters":[1],"vehicles":[3],"interiors":[],"accounts":[],"content":"FUELVEH","factions":[]}
{"action":6,"origin":"ch1","date":"2026-02-04T19:55:04","phones":[],"objects":[],"characters":[1],"vehicles":[3],"interiors":[],"accounts":[],"content":"FIXVEH","factions":[]}
{"action":4,"origin":"ch1","date":"2026-02-04T19:55:04","phones":[],"objects":[],"characters":[1],"vehicles":[3],"interiors":[],"accounts":[],"content":"N\/A","factions":[]}
{"action":6,"origin":"ch1","date":"2026-02-04T19:55:04","phones":[],"objects":[],"characters":[1],"vehicles":[3],"interiors":[],"accounts":[],"content":"FUELVEH","factions":[]}
{"action":6,"origin":"ch1","date":"2026-02-04T19:55:05","phones":[],"objects":[],"characters":[1],"vehicles":[3],"interiors":[],"accounts":[],"content":"FIXVEH","factions":[]}
{"action":4,"origin":"ch1","date":"2026-02-04T19:55:05","phones":[],"objects":[],"characters":[1],"vehicles":[3],"interiors":[],"accounts":[],"content":"N\/A","factions":[]}
{"action":6,"origin":"ch1","date":"2026-02-04T19:55:05","phones":[],"objects":[],"characters":[1],"vehicles":[3],"interiors":[],"accounts":[],"content":"FUELVEH","factions":[]}
{"action":4,"origin":"ch2","date":"2026-02-04T19:55:05","phones":[],"objects":[],"characters":[2],"vehicles":[3],"interiors":[],"accounts":[],"content":"N\/A","factions":[]}
{"action":6,"origin":"ch1","date":"2026-02-04T19:55:06","phones":[],"objects":[],"characters":[1],"vehicles":[3],"interiors":[],"accounts":[],"content":"FIXVEH","factions":[]}
{"action":4,"origin":"ch1","date":"2026-02-04T19:55:06","phones":[],"objects":[],"characters":[1],"vehicles":[3],"interiors":[],"accounts":[],"content":"N\/A","factions":[]}
{"action":6,"origin":"ch1","date":"2026-02-04T19:55:06","phones":[],"objects":[],"characters":[1],"vehicles":[3],"interiors":[],"accounts":[],"content":"FUELVEH","factions":[]}
{"action":6,"origin":"ch2","date":"2026-02-04T19:55:06","phones":[],"objects":[],"characters":[2],"vehicles":[3],"interiors":[],"accounts":[],"content":"FIXVEH","factions":[]}
{"action":4,"origin":"ch1","date":"2026-02-04T19:55:25","phones":[],"objects":[],"characters":[1],"vehicles":[],"interiors":[],"accounts":[],"content":"SET INTO FACTION LEADER","factions":[1]}
{"action":40,"origin":"ch1","date":"2026-02-04T19:58:31","phones":[],"objects":[],"characters":[1,2],"vehicles":[],"interiors":[],"accounts":[],"content":"James Reynold starts the vehicle's engine.","factions":[]}
{"action":40,"origin":"ch1","date":"2026-02-04T19:58:31","phones":[],"objects":[],"characters":[1,2],"vehicles":[],"interiors":[],"accounts":[],"content":"James Reynold unbuckles their seatbelt.","factions":[]}
{"action":40,"origin":"ch1","date":"2026-02-04T19:58:31","phones":[],"objects":[],"characters":[1,2],"vehicles":[],"interiors":[],"accounts":[],"content":"James Reynold locks the vehicle doors.","factions":[]}
{"action":31,"origin":"ch1","date":"2026-02-04T19:58:31","phones":[],"objects":[],"characters":[],"vehicles":[3],"interiors":[],"accounts":[],"content":"LOCK FROM INSIDE","factions":[]}
{"action":40,"origin":"ch1","date":"2026-02-04T19:58:33","phones":[],"objects":[],"characters":[1,2],"vehicles":[],"interiors":[],"accounts":[],"content":"James Reynold buckles in their seatbelt.","factions":[]}
{"action":6,"origin":"ch1","date":"2026-02-04T20:02:24","phones":[],"objects":[],"characters":[1],"vehicles":[3],"interiors":[],"accounts":[],"content":"FIXVEH","factions":[]}
{"action":4,"origin":"ch1","date":"2026-02-04T20:02:24","phones":[],"objects":[],"characters":[1],"vehicles":[3],"interiors":[],"accounts":[],"content":"N\/A","factions":[]}
{"action":6,"origin":"ch1","date":"2026-02-04T20:02:24","phones":[],"objects":[],"characters":[1],"vehicles":[3],"interiors":[],"accounts":[],"content":"FUELVEH","factions":[]}
{"action":7,"origin":"ch1","date":"2026-02-04T20:02:35","phones":[],"objects":[],"characters":[1,2],"vehicles":[],"interiors":[],"accounts":[],"content":"English: تيز","factions":[]}
{"action":7,"origin":"ch1","date":"2026-02-04T20:02:37","phones":[],"objects":[],"characters":[1,2],"vehicles":[],"interiors":[],"accounts":[],"content":"English: شوي وجاي","factions":[]}
{"action":40,"origin":"ch1","date":"2026-02-04T20:02:38","phones":[],"objects":[],"characters":[1,2],"vehicles":[],"interiors":[],"accounts":[],"content":"James Reynold unbuckles their seatbelt.","factions":[]}
{"action":40,"origin":"ch1","date":"2026-02-04T20:02:39","phones":[],"objects":[],"characters":[1,2],"vehicles":[],"interiors":[],"accounts":[],"content":"James Reynold unlocks the vehicle doors.","factions":[]}
{"action":31,"origin":"ch1","date":"2026-02-04T20:02:39","phones":[],"objects":[],"characters":[],"vehicles":[3],"interiors":[],"accounts":[],"content":"UNLOCK FROM INSIDE","factions":[]}
{"action":7,"origin":"ch1","date":"2026-02-04T20:02:40","phones":[],"objects":[],"characters":[1,2],"vehicles":[],"interiors":[],"accounts":[],"content":"English: سوق","factions":[]}
{"action":40,"origin":"ch2","date":"2026-02-04T20:02:42","phones":[],"objects":[],"characters":[1,2],"vehicles":[],"interiors":[],"accounts":[],"content":"Qays Almaloh unbuckles their seatbelt.","factions":[]}
{"action":8,"origin":"ch1","date":"2026-02-04T20:02:45","phones":[],"objects":[],"characters":[1,2],"vehicles":[],"interiors":[],"accounts":[],"content":"لوين","factions":[]}
{"action":8,"origin":"ch1","date":"2026-02-04T20:02:48","phones":[],"objects":[],"characters":[1,2],"vehicles":[],"interiors":[],"accounts":[],"content":"مشاي انقلع","factions":[]}
{"action":40,"origin":"ch2","date":"2026-02-04T20:02:53","phones":[],"objects":[],"characters":[1,2],"vehicles":[],"interiors":[],"accounts":[],"content":"Qays Almaloh starts the vehicle's engine.","factions":[]}
{"action":8,"origin":"ch1","date":"2026-02-04T20:02:56","phones":[],"objects":[],"characters":[1,2],"vehicles":[],"interiors":[],"accounts":[],"content":"طزي كلب","factions":[]}
{"action":4,"origin":"ch1","date":"2026-02-04T20:03:16","phones":[],"objects":[],"characters":[2],"vehicles":[],"interiors":[],"accounts":[],"content":"CK with reason: تم نكح","factions":[]}
{"action":4,"origin":"ch1","date":"2026-02-04T20:04:08","phones":[],"objects":[],"characters":[2],"vehicles":[],"interiors":[],"accounts":[],"content":"UNCK","factions":[]}
{"action":4,"origin":"ch1","date":"2026-02-04T20:04:11","phones":[],"objects":[],"characters":[2],"vehicles":[],"interiors":[],"accounts":[],"content":"CK with reason: اختناق بصناعي","factions":[]}
{"action":4,"origin":"ch1","date":"2026-02-04T20:04:24","phones":[],"objects":[],"characters":[2],"vehicles":[],"interiors":[],"accounts":[],"content":"UNCK","factions":[]}
{"action":27,"origin":"ac3","date":"2026-02-04T20:05:21","phones":[],"objects":[],"characters":[2],"vehicles":[],"interiors":[],"accounts":[3],"content":"Disconnected (Quit) (Name: Qays_Almaloh)","factions":[]}
{"action":27,"origin":"ac1","date":"2026-02-04T20:07:27","phones":[],"objects":[],"characters":[1],"vehicles":[],"interiors":[],"accounts":[1],"content":"Disconnected (Quit) (Name: James_Reynold)","factions":[]}
{"action":27,"origin":"ac1","date":"2026-02-04T20:34:41","phones":[],"objects":[],"characters":[],"vehicles":[],"interiors":[],"accounts":[1],"content":"Connected from 151.177.208.110 - 5DDB4D0ED21D9219DDEBBE0676041DA2","factions":[]}
{"action":27,"origin":"ac1","date":"2026-02-04T20:34:50","phones":[],"objects":[],"characters":[1],"vehicles":[],"interiors":[],"accounts":[1],"content":"Spawned","factions":[]}
{"action":27,"origin":"ac1","date":"2026-02-04T20:48:35","phones":[],"objects":[],"characters":[1],"vehicles":[],"interiors":[],"accounts":[1],"content":"Disconnected (Quit) (Name: James_Reynold)","factions":[]}
{"action":27,"origin":"ac1","date":"2026-02-04T20:49:13","phones":[],"objects":[],"characters":[],"vehicles":[],"interiors":[],"accounts":[1],"content":"Connected from 151.177.208.110 - 5DDB4D0ED21D9219DDEBBE0676041DA2","factions":[]}
{"action":27,"origin":"ac1","date":"2026-02-04T20:49:22","phones":[],"objects":[],"characters":[1],"vehicles":[],"interiors":[],"accounts":[1],"content":"Spawned","factions":[]}
{"action":27,"origin":"ac1","date":"2026-02-04T21:23:59","phones":[],"objects":[],"characters":[1],"vehicles":[],"interiors":[],"accounts":[1],"content":"Disconnected (Timed out) (Name: James_Reynold)","factions":[]}
